The user Computer Sam, has been Registered Successfully on Sunday,29,April,2018 and has accepted the terms and Conditions.